// Jest Snapshot v1, https://goo.gl/fbAQLP

exports[`matches snapshot 1`] = `
<DocumentFragment>
  <div
    class="container"
    data-test="job-summary-log"
  >
    <span
      class="label"
    >
      Log
    </span>
    <table
      class="jsx-2430604489 "
      data-test="dhis2-uicore-table"
    >
      <thead
        data-test="dhis2-uicore-tablehead"
      >
        <tr
          class="jsx-3124144591 zebraStriping"
          data-test="dhis2-uicore-tablerowhead"
        >
          <th
            class="jsx-1796049005 "
            data-test="dhis2-uicore-tablecellhead"
          >
            Time
          </th>
          <th
            class="jsx-1796049005 "
            data-test="dhis2-uicore-tablecellhead"
          >
            Message
          </th>
          <th
            class="jsx-1796049005 "
            data-test="dhis2-uicore-tablecellhead"
          >
            ID
          </th>
        </tr>
      </thead>
      <tbody
        data-test="dhis2-uicore-tablebody"
      >
        <tr
          class="jsx-3124144591 zebraStriping"
          data-test="dhis2-uicore-tablerow"
        >
          <td
            class="jsx-996330601 "
            data-test="dhis2-uicore-tablecell"
          >
            2020-01-01 00:00:00

          </td>
          <td
            class="jsx-996330601 "
            data-test="dhis2-uicore-tablecell"
          >
            First day of year
          </td>
          <td
            class="jsx-996330601 "
            data-test="dhis2-uicore-tablecell"
          >
            Jan
          </td>
        </tr>
        <tr
          class="jsx-3124144591 zebraStriping"
          data-test="dhis2-uicore-tablerow"
        >
          <td
            class="jsx-996330601 "
            data-test="dhis2-uicore-tablecell"
          >
            2020-01-02 00:00:00

          </td>
          <td
            class="jsx-996330601 "
            data-test="dhis2-uicore-tablecell"
          >
            Snd day of year
          </td>
          <td
            class="jsx-996330601 "
            data-test="dhis2-uicore-tablecell"
          >
            Jan2
          </td>
        </tr>
        <tr
          class="jsx-3124144591 zebraStriping"
          data-test="dhis2-uicore-tablerow"
        >
          <td
            class="jsx-996330601 "
            data-test="dhis2-uicore-tablecell"
          >
            2020-12-31 00:00:00

          </td>
          <td
            class="jsx-996330601 "
            data-test="dhis2-uicore-tablecell"
          >
            Last day of year
          </td>
          <td
            class="jsx-996330601 "
            data-test="dhis2-uicore-tablecell"
          >
            Dec
          </td>
        </tr>
      </tbody>
    </table>
  </div>
</DocumentFragment>
`;
