// Jest Snapshot v1, https://goo.gl/fbAQLP

exports[`matches snapshot 1`] = `
<DocumentFragment>
  <div
    class="container"
    data-test="job-summary-type-count"
  >
    <span
      class="label"
    >
      Details by type
    </span>
    <table
      class="jsx-2430604489 "
      data-test="dhis2-uicore-table"
    >
      <thead
        data-test="dhis2-uicore-tablehead"
      >
        <tr
          class="jsx-3124144591 zebraStriping"
          data-test="dhis2-uicore-tablerowhead"
        >
          <th
            class="jsx-1796049005 "
            data-test="dhis2-uicore-tablecellhead"
          >
            Type
          </th>
          <th
            class="jsx-1796049005 "
            data-test="dhis2-uicore-tablecellhead"
          >
            Created
          </th>
          <th
            class="jsx-1796049005 "
            data-test="dhis2-uicore-tablecellhead"
          >
            Deleted
          </th>
          <th
            class="jsx-1796049005 "
            data-test="dhis2-uicore-tablecellhead"
          >
            Ignored
          </th>
          <th
            class="jsx-1796049005 "
            data-test="dhis2-uicore-tablecellhead"
          >
            Updated
          </th>
          <th
            class="jsx-1796049005 "
            data-test="dhis2-uicore-tablecellhead"
          >
            Total
          </th>
        </tr>
      </thead>
      <tbody
        data-test="dhis2-uicore-tablebody"
      >
        <tr
          class="jsx-3124144591 zebraStriping"
          data-test="dhis2-uicore-tablerow"
        >
          <td
            class="jsx-996330601 "
            data-test="dhis2-uicore-tablecell"
          >
            DefaultGmlImportService
          </td>
          <td
            class="jsx-996330601 "
            data-test="dhis2-uicore-tablecell"
          >
            1
          </td>
          <td
            class="jsx-996330601 "
            data-test="dhis2-uicore-tablecell"
          >
            2
          </td>
          <td
            class="jsx-996330601 "
            data-test="dhis2-uicore-tablecell"
          >
            3
          </td>
          <td
            class="jsx-996330601 "
            data-test="dhis2-uicore-tablecell"
          >
            4
          </td>
          <td
            class="jsx-996330601 "
            data-test="dhis2-uicore-tablecell"
          >
            10
          </td>
        </tr>
        <tr
          class="jsx-3124144591 zebraStriping"
          data-test="dhis2-uicore-tablerow"
        >
          <td
            class="jsx-996330601 "
            data-test="dhis2-uicore-tablecell"
          >
            SndGmlImportService
          </td>
          <td
            class="jsx-996330601 "
            data-test="dhis2-uicore-tablecell"
          >
            1
          </td>
          <td
            class="jsx-996330601 "
            data-test="dhis2-uicore-tablecell"
          >
            2
          </td>
          <td
            class="jsx-996330601 "
            data-test="dhis2-uicore-tablecell"
          >
            3
          </td>
          <td
            class="jsx-996330601 "
            data-test="dhis2-uicore-tablecell"
          >
            4
          </td>
          <td
            class="jsx-996330601 "
            data-test="dhis2-uicore-tablecell"
          >
            10
          </td>
        </tr>
      </tbody>
    </table>
  </div>
</DocumentFragment>
`;
