// Jest Snapshot v1, https://goo.gl/fbAQLP

exports[`Form component - File should render correctly 1`] = `
<div
  className="container"
>
  <input
    className="input"
    name="Name"
    onChange={[MockFunction]}
  />
  <button
    className="button"
    onClick={[Function]}
  >
    <svg
      className="svg"
    >
      <path
        d="M0 0h24v24H0z"
        fill="none"
      />
      <path
        d="M9 16h6v-6h4l-7-7-7 7h4zm-4 2h14v2H5z"
      />
    </svg>
    <span
      className="label"
    >
      Choose a file to upload *
    </span>
  </button>
</div>
`;
