// Jest Snapshot v1, https://goo.gl/fbAQLP

exports[`Input component - AtomicMode should render correctly 1`] = `
<Field>
  <Label>
    Atomic mode
  </Label>
  <RadioGroup
    dataTest="input-atomic-mode"
    label="Atomic mode"
    name="atomicMode"
    options={
      Array [
        Object {
          "label": "All",
          "value": "ALL",
        },
        Object {
          "label": "None",
          "value": "NONE",
        },
      ]
    }
  />
</Field>
`;
