// Jest Snapshot v1, https://goo.gl/fbAQLP

exports[`Input component - Children should render correctly 1`] = `
<Field>
  <Label>
    Children
  </Label>
  <RadioGroup
    label="Children"
    name="children"
    options={
      Array [
        Object {
          "label": "Include descendants of organisation unit",
          "value": "true",
        },
        Object {
          "label": "Selected organisation unit",
          "value": "false",
        },
      ]
    }
  />
</Field>
`;
