// Jest Snapshot v1, https://goo.gl/fbAQLP

exports[`Input component - ClassKey should render correctly 1`] = `
<Fragment>
  <Field>
    <Select
      dataTest="input-class-key"
      defaultValue="foo"
      label="Class key"
      name="classKey"
      options={
        Array [
          Object {
            "label": "Foo",
            "value": "foo",
          },
          Object {
            "label": "Bar",
            "value": "bar",
          },
        ]
      }
    />
  </Field>
</Fragment>
`;
