// Jest Snapshot v1, https://goo.gl/fbAQLP

exports[`Input component - DryRun should render correctly 1`] = `
<RadioGroup
  label="Dry run"
  name="dryRun"
  options={
    Array [
      Object {
        "label": "Yes",
        "value": "true",
      },
      Object {
        "label": "No",
        "value": "false",
      },
    ]
  }
/>
`;
