// Jest Snapshot v1, https://goo.gl/fbAQLP

exports[`Input component - IdScheme should render correctly 1`] = `
<Select
  data-test-id="input-id-scheme"
  label="Id scheme"
  name="idScheme"
  options={
    Array [
      Object {
        "label": "Uid",
        "value": "UID",
      },
      Object {
        "label": "Code",
        "value": "CODE",
      },
    ]
  }
/>
`;
