// Jest Snapshot v1, https://goo.gl/fbAQLP

exports[`Input component - ImportStrategy should render correctly 1`] = `
<Field>
  <Label>
    Import strategy
  </Label>
  <RadioGroup
    dataTest="input-import-stragegy"
    label="Import strategy"
    name="importStrategy"
    options={
      Array [
        Object {
          "label": "New and updates",
          "value": "CREATE_AND_UPDATE",
        },
        Object {
          "label": "New only",
          "value": "CREATE",
        },
        Object {
          "label": "Updates only",
          "value": "UPDATES",
        },
        Object {
          "label": "Delete",
          "value": "DELETE",
        },
      ]
    }
  />
</Field>
`;
