// Jest Snapshot v1, https://goo.gl/fbAQLP

exports[`Input component - IncludeDeleted should render correctly 1`] = `
<Field>
  <Label>
    Include deleted
  </Label>
  <RadioGroup
    label="Include deleted"
    name="includeDeleted"
    options={
      Array [
        Object {
          "label": "Yes",
          "value": "true",
        },
        Object {
          "label": "No",
          "value": "false",
        },
      ]
    }
  />
</Field>
`;
