// Jest Snapshot v1, https://goo.gl/fbAQLP

exports[`Input component - ReportMode should render correctly 1`] = `
<RadioGroup
  dataTest="input-report-mode"
  label="Report mode"
  name="reportMode"
  options={
    Array [
      Object {
        "label": "Error",
        "value": "ERRORS",
      },
      Object {
        "label": "Full",
        "value": "FULL",
      },
      Object {
        "label": "Debug",
        "value": "DEBUG",
      },
    ]
  }
/>
`;
