// Jest Snapshot v1, https://goo.gl/fbAQLP

exports[`Input component - Schemas should render correctly 1`] = `
<ReactFinalForm
  onSubmit={[Function]}
>
  <Schemas
    excludeSchemas={Set {}}
  >
    <div
      className="container"
      data-test="input-schemas"
    >
      <Controls
        schemaKey="schemas"
      >
        <div
          className="controls"
        >
          <SelectAll
            schemaKey="schemas"
          >
            <ToggleAll
              className="selectAllButton"
              schemaKey="schemas"
              value={true}
            >
              <Button
                className="selectAllButton"
                onClick={[Function]}
                type="button"
              >
                <button
                  className="jsx-3218119646 selectAllButton"
                  onClick={[Function]}
                  type="button"
                >
                  Select All
                  <JSXStyle
                    id="3218119646"
                  />
                </button>
              </Button>
            </ToggleAll>
          </SelectAll>
          <SelectNone
            schemaKey="schemas"
          >
            <ToggleAll
              schemaKey="schemas"
              value={false}
            >
              <Button
                onClick={[Function]}
                type="button"
              >
                <button
                  className="jsx-3218119646 "
                  onClick={[Function]}
                  type="button"
                >
                  Select None
                  <JSXStyle
                    id="3218119646"
                  />
                </button>
              </Button>
            </ToggleAll>
          </SelectNone>
        </div>
      </Controls>
      <div
        className="formControl"
      >
        <SchemaGroup
          key="Data Element"
          label="Data Element"
          schemas={
            Array [
              Object {
                "group": "dataElement",
                "label": "Data elements",
                "name": "dataElements",
              },
              Object {
                "group": "dataElement",
                "label": "Data element groups",
                "name": "dataElementGroups",
              },
            ]
          }
          value="true"
        >
          <div
            className="group"
          >
            <span
              className="formLabel"
            >
              Data Element
            </span>
            <div
              className="schema"
            >
              <div
                key="dataElements"
              >
                <Checkbox
                  format={[Function]}
                  initialValue="true"
                  label="Data elements"
                  name="schemas.dataElements"
                  parse={[Function]}
                >
                  <div>
                    <Checkbox
                      checked={true}
                      label="Data elements"
                      name="schemas.dataElements"
                      onBlur={[Function]}
                      onChange={[Function]}
                      onFocus={[Function]}
                      type="checkbox"
                      value="irrelevant"
                    >
                      <label
                        className="jsx-1861485737 base"
                      >
                        <Input
                          checked={true}
                          name="schemas.dataElements"
                          onBlur={[Function]}
                          onChange={[Function]}
                          onFocus={[Function]}
                          value="irrelevant"
                        >
                          <div
                            className="jsx-3255790221"
                          >
                            <input
                              checked={true}
                              className="jsx-3255790221"
                              name="schemas.dataElements"
                              onBlur={[Function]}
                              onChange={[Function]}
                              onFocus={[Function]}
                              type="checkbox"
                              value="irrelevant"
                            />
                            <JSXStyle
                              id="3255790221"
                            />
                          </div>
                        </Input>
                        <Icon
                          checked={true}
                        >
                          <div
                            className="jsx-3164736166 "
                          >
                            <Checked
                              className="jsx-63432708 checked"
                            >
                              <svg
                                className="jsx-63432708 checked"
                                height="48"
                                viewBox="0 0 48 48"
                                width="48"
                                xmlns="http://www.w3.org/2000/svg"
                              >
                                <path
                                  d="M38 6H10c-2.21 0-4 1.79-4 4v28c0 2.21 1.79 4 4 4h28c2.21 0 4-1.79 4-4V10c0-2.21-1.79-4-4-4zM20 34L10 24l2.83-2.83L20 28.34l15.17-15.17L38 16 20 34z"
                                />
                              </svg>
                            </Checked>
                            <JSXStyle
                              id="63432708"
                            />
                            <JSXStyle
                              dynamic={
                                Array [
                                  "#147cd7",
                                ]
                              }
                              id="1369204040"
                            />
                          </div>
                        </Icon>
                        <Label>
                          <span
                            className="jsx-583817354 label"
                          >
                            Data elements
                            <JSXStyle
                              dynamic={
                                Array [
                                  "#212934",
                                  "4px",
                                  "#6e7a8a",
                                ]
                              }
                              id="1864897066"
                            />
                          </span>
                        </Label>
                        <JSXStyle
                          dynamic={
                            Array [
                              "#6e7a8a",
                            ]
                          }
                          id="261820537"
                        />
                      </label>
                    </Checkbox>
                  </div>
                </Checkbox>
              </div>
              <div
                key="dataElementGroups"
              >
                <Checkbox
                  format={[Function]}
                  initialValue="true"
                  label="Data element groups"
                  name="schemas.dataElementGroups"
                  parse={[Function]}
                >
                  <div>
                    <Checkbox
                      checked={true}
                      label="Data element groups"
                      name="schemas.dataElementGroups"
                      onBlur={[Function]}
                      onChange={[Function]}
                      onFocus={[Function]}
                      type="checkbox"
                      value="irrelevant"
                    >
                      <label
                        className="jsx-1861485737 base"
                      >
                        <Input
                          checked={true}
                          name="schemas.dataElementGroups"
                          onBlur={[Function]}
                          onChange={[Function]}
                          onFocus={[Function]}
                          value="irrelevant"
                        >
                          <div
                            className="jsx-3255790221"
                          >
                            <input
                              checked={true}
                              className="jsx-3255790221"
                              name="schemas.dataElementGroups"
                              onBlur={[Function]}
                              onChange={[Function]}
                              onFocus={[Function]}
                              type="checkbox"
                              value="irrelevant"
                            />
                            <JSXStyle
                              id="3255790221"
                            />
                          </div>
                        </Input>
                        <Icon
                          checked={true}
                        >
                          <div
                            className="jsx-3164736166 "
                          >
                            <Checked
                              className="jsx-63432708 checked"
                            >
                              <svg
                                className="jsx-63432708 checked"
                                height="48"
                                viewBox="0 0 48 48"
                                width="48"
                                xmlns="http://www.w3.org/2000/svg"
                              >
                                <path
                                  d="M38 6H10c-2.21 0-4 1.79-4 4v28c0 2.21 1.79 4 4 4h28c2.21 0 4-1.79 4-4V10c0-2.21-1.79-4-4-4zM20 34L10 24l2.83-2.83L20 28.34l15.17-15.17L38 16 20 34z"
                                />
                              </svg>
                            </Checked>
                            <JSXStyle
                              id="63432708"
                            />
                            <JSXStyle
                              dynamic={
                                Array [
                                  "#147cd7",
                                ]
                              }
                              id="1369204040"
                            />
                          </div>
                        </Icon>
                        <Label>
                          <span
                            className="jsx-583817354 label"
                          >
                            Data element groups
                            <JSXStyle
                              dynamic={
                                Array [
                                  "#212934",
                                  "4px",
                                  "#6e7a8a",
                                ]
                              }
                              id="1864897066"
                            />
                          </span>
                        </Label>
                        <JSXStyle
                          dynamic={
                            Array [
                              "#6e7a8a",
                            ]
                          }
                          id="261820537"
                        />
                      </label>
                    </Checkbox>
                  </div>
                </Checkbox>
              </div>
            </div>
          </div>
        </SchemaGroup>
        <SchemaGroup
          key="other"
          label="other"
          schemas={Array []}
          value="true"
        >
          <div
            className="group"
          >
            <span
              className="formLabel"
            >
              other
            </span>
            <div
              className="schema"
            />
          </div>
        </SchemaGroup>
      </div>
    </div>
  </Schemas>
</ReactFinalForm>
`;
