// Jest Snapshot v1, https://goo.gl/fbAQLP

exports[`Input component - SkipValidation should render correctly 1`] = `
<Field>
  <Label>
    Skip validation
  </Label>
  <RadioGroup
    dataTest="input-skip-validation"
    label="Skip validation"
    name="skipValidation"
    options={
      Array [
        Object {
          "label": "Yes",
          "value": "true",
        },
        Object {
          "label": "No",
          "value": "false",
        },
      ]
    }
  />
</Field>
`;
