// Jest Snapshot v1, https://goo.gl/fbAQLP

exports[`Input component - SkipSharing should render correctly 1`] = `
<RadioGroup
  dataTest="input-skip-sharing"
  label="Skip sharing"
  name="skipSharing"
  options={
    Array [
      Object {
        "label": "Yes",
        "value": "true",
      },
      Object {
        "label": "No",
        "value": "false",
      },
    ]
  }
/>
`;
