// Jest Snapshot v1, https://goo.gl/fbAQLP

exports[`Input component - SkipExistingCheck should render correctly 1`] = `
<RadioGroup
  dataTest="input-skip-existing-check"
  label="Skip existing check"
  name="skipExistingCheck"
  options={
    Array [
      Object {
        "label": "Skip check (fast)",
        "value": "true",
      },
      Object {
        "label": "Check (safe, recommended)",
        "value": "false",
      },
    ]
  }
/>
`;
