// Jest Snapshot v1, https://goo.gl/fbAQLP

exports[`matches snapshot 1`] = `
<DocumentFragment>
  <div
    data-test="data-set-picker"
  >
    <span>
      Data sets
    </span>
    <div>
      <div
        class="jsx-1261481057 "
        data-test="dhis2-uicore-circularloader"
        role="progressbar"
      >
        <svg
          class="jsx-1261481057"
          viewBox="22 22 44 44"
        >
          <circle
            class="jsx-1261481057 circle"
            cx="44"
            cy="44"
            fill="none"
            r="20.2"
            stroke-width="3.6"
          />
        </svg>
      </div>
    </div>
  </div>
</DocumentFragment>
`;

exports[`renders filterable list 1`] = `
<DocumentFragment>
  <div
    data-test="data-set-picker"
  >
    <span>
      Data sets
    </span>
    <div>
      <div
        class="jsx-1261481057 "
        data-test="dhis2-uicore-circularloader"
        role="progressbar"
      >
        <svg
          class="jsx-1261481057"
          viewBox="22 22 44 44"
        >
          <circle
            class="jsx-1261481057 circle"
            cx="44"
            cy="44"
            fill="none"
            r="20.2"
            stroke-width="3.6"
          />
        </svg>
      </div>
    </div>
  </div>
</DocumentFragment>
`;

exports[`renders multi-select list 1`] = `
<DocumentFragment>
  <div
    data-test="data-set-picker"
  >
    <span>
      Data sets
    </span>
    <div>
      <div
        class="jsx-1261481057 "
        data-test="dhis2-uicore-circularloader"
        role="progressbar"
      >
        <svg
          class="jsx-1261481057"
          viewBox="22 22 44 44"
        >
          <circle
            class="jsx-1261481057 circle"
            cx="44"
            cy="44"
            fill="none"
            r="20.2"
            stroke-width="3.6"
          />
        </svg>
      </div>
    </div>
  </div>
</DocumentFragment>
`;

exports[`renders select/clear all actions 1`] = `
<DocumentFragment>
  <div
    data-test="data-set-picker"
  >
    <span>
      Data sets
    </span>
    <div>
      <div
        class="jsx-1261481057 "
        data-test="dhis2-uicore-circularloader"
        role="progressbar"
      >
        <svg
          class="jsx-1261481057"
          viewBox="22 22 44 44"
        >
          <circle
            class="jsx-1261481057 circle"
            cx="44"
            cy="44"
            fill="none"
            r="20.2"
            stroke-width="3.6"
          />
        </svg>
      </div>
    </div>
  </div>
</DocumentFragment>
`;
